// Bun Snapshot v1, https://bun.sh/docs/test/snapshots

exports[`tool.ls basic 1`] = `
"packages/sgptcoder/test/fixtures/example/
  broken.ts
  cli.ts
  ink.tsx
"
`;
